\! gppkg -q --all | sed -n '/^pljava-/s|.*|pljava|p'
pljava
-- start_ignore
\! gppkg -r pljava
-- end_ignore
\! gppkg -q --all | sed -n '/^pljava-/s|.*|pljava|p'
